38 coins, window 2026-09-21T00:00 to 2026-09-28T16:00 (last closed hour)
seen 2026-09-21 17:00 UTC  PEPE  pulling ahead   8h +17.0% vs market (z 7.1), volume 6.6x (2.2x typical coin), market  +1.1% | next 24h -3.3% vs market, not big (same-hours base 2.7%)
seen 2026-09-21 19:00 UTC  SEI   falling behind  8h  -6.9% vs market (z -4.1), volume 8.9x (3.6x typical coin), market  +0.0% | next 24h +1.5% vs market, not big (same-hours base 2.7%)
seen 2026-09-21 20:00 UTC  DOGE  pulling ahead   8h  +4.8% vs market (z 3.8), volume 5.0x (2.2x typical coin), market  +0.7% | next 24h -0.1% vs market, not big (same-hours base 5.4%)
seen 2026-09-21 22:00 UTC  SHIB  pulling ahead   8h  +4.0% vs market (z 3.5), volume 4.8x (2.2x typical coin), market  +0.2% | next 24h -0.3% vs market, not big (same-hours base 5.4%)
seen 2026-09-21 22:00 UTC  TAO   pulling ahead   8h  +7.0% vs market (z 3.4), volume 4.6x (2.1x typical coin), market  +0.1% | next 24h -1.0% vs market, not big (same-hours base 5.4%)
seen 2026-09-22 10:00 UTC  HBAR  pulling ahead   8h  +3.3% vs market (z 2.2), volume 3.7x (2.1x typical coin), market  -0.5% | next 24h +0.4% vs market, not big (same-hours base 2.7%)
seen 2026-09-22 13:00 UTC  BCH   pulling ahead   8h +15.6% vs market (z 9.9), volume 7.0x (4.2x typical coin), market  +1.8% | next 24h +15.4% vs market, BIG (same-hours base 2.7%)
seen 2026-09-22 16:00 UTC  ETC   pulling ahead   8h  +5.6% vs market (z 3.9), volume 5.1x (2.1x typical coin), market  +1.1% | next 24h -1.8% vs market, not big (same-hours base 2.7%)
seen 2026-09-22 19:00 UTC  NEAR  falling behind  8h  -6.2% vs market (z -2.0), volume 4.3x (2.2x typical coin), market  +2.0% | next 24h +7.4% vs market, not big (same-hours base 0.0%)
seen 2026-09-22 23:00 UTC  UNI   pulling ahead   8h +10.4% vs market (z 3.0), volume 3.3x (2.2x typical coin), market  +2.2% | next 24h -1.9% vs market, not big (same-hours base 0.0%)
seen 2026-09-23 13:00 UTC  BCH   pulling ahead   8h  +8.2% vs market (z 3.7), volume 11.1x (6.2x typical coin), market  -2.2% | next 24h -2.5% vs market, not big (same-hours base 5.4%)
seen 2026-09-24 05:00 UTC  LTC   pulling ahead   8h +11.0% vs market (z 7.3), volume 4.3x (5.5x typical coin), market  +2.0% | next 24h +1.0% vs market, not big (same-hours base 8.1%)
seen 2026-09-24 08:00 UTC  ETC   pulling ahead   8h  +7.0% vs market (z 4.5), volume 3.2x (3.8x typical coin), market  +1.8% | next 24h -4.1% vs market, not big (same-hours base 8.1%)
seen 2026-09-24 13:00 UTC  ONDO  pulling ahead   8h  +8.1% vs market (z 5.5), volume 6.1x (5.4x typical coin), market  -0.9% | next 24h +10.8% vs market, BIG (same-hours base 10.8%)
seen 2026-09-24 18:00 UTC  FET   pulling ahead   8h  +5.0% vs market (z 2.4), volume 4.0x (2.1x typical coin), market  +5.7% | next 24h +5.2% vs market, not big (same-hours base 8.1%)
seen 2026-09-25 10:00 UTC  SEI   pulling ahead   8h  +5.9% vs market (z 3.0), volume 3.6x (3.4x typical coin), market  +1.8% | next 24h +6.6% vs market, not big (same-hours base 5.4%)
seen 2026-09-25 15:00 UTC  ONDO  falling behind  8h  -3.9% vs market (z -2.2), volume 6.0x (2.8x typical coin), market  +3.4% | next 24h -1.6% vs market, not big (same-hours base 0.0%)
seen 2026-09-26 01:00 UTC  WLD   pulling ahead   8h  +4.7% vs market (z 2.2), volume 3.2x (2.6x typical coin), market  +1.8% | next 24h +6.3% vs market, not big (same-hours base 0.0%)
seen 2026-09-26 16:00 UTC  FIL   pulling ahead   8h  +9.4% vs market (z 3.3), volume 3.2x (2.7x typical coin), market  +1.8% | next 24h -3.6% vs market, not big (same-hours base 0.0%)
seen 2026-09-26 16:00 UTC  TAO   pulling ahead   8h  +5.8% vs market (z 2.7), volume 3.0x (2.5x typical coin), market  +1.9% | next 24h -3.4% vs market, not big (same-hours base 0.0%)
seen 2026-09-27 11:00 UTC  WLD   pulling ahead   8h  +5.2% vs market (z 2.3), volume 3.1x (3.3x typical coin), market  +1.5% | next 24h -4.9% vs market, not big (same-hours base 8.1%)
seen 2026-09-28 01:00 UTC  SEI   pulling ahead   8h +13.1% vs market (z 6.0), volume 4.1x (5.1x typical coin), market  +0.2% | so far (16h): -2.8% vs market
seen 2026-09-28 05:00 UTC  ONDO  pulling ahead   8h +10.0% vs market (z 4.7), volume 3.6x (2.8x typical coin), market  -1.9% | so far (12h): -12.2% vs market
seen 2026-09-28 08:00 UTC  HBAR  pulling ahead   8h  +5.1% vs market (z 3.3), volume 3.5x (2.2x typical coin), market  -4.8% | so far (9h): +29.6% vs market
seen 2026-09-28 09:00 UTC  ALGO  pulling ahead   8h  +6.3% vs market (z 3.0), volume 3.3x (2.1x typical coin), market  -3.6% | so far (8h): +8.2% vs market
seen 2026-09-28 13:00 UTC  LINK  pulling ahead   8h  +5.9% vs market (z 4.1), volume 3.4x (2.1x typical coin), market  -0.1% | so far (4h): +4.7% vs market
seen 2026-09-28 13:00 UTC  XLM   pulling ahead   8h  +7.3% vs market (z 5.1), volume 3.3x (2.0x typical coin), market  -0.2% | so far (4h): +0.9% vs market
scored 21: 2 big (9.5%) against a same-hours base of 4.0%
