
== hourly|crypto: class average, 38 assets (bps; cv and alt as numbers) ==
  serial_pnl_1               -1.19 vs     +0.06 (z  -1.6)       -0.22 vs     +0.01 (z  -0.4)
  serial_pnl_2               -2.94 vs     +0.10 (z  -2.5)       -0.54 vs     -0.03 (z  -0.6)
  serial_pnl_4               +0.36 vs     +0.11 (z  +0.1)       +0.89 vs     -0.00 (z  +0.6)
  serial_pnl_8               +3.81 vs     +0.38 (z  +0.8)       +0.07 vs     -0.20 (z  +0.1)
  serial_pnl_12              +9.18 vs     +0.77 (z  +1.3)       +4.29 vs     -0.00 (z  +0.9)
  serial_pnl_24              +5.52 vs     -0.27 (z  +0.5)       +7.48 vs     -0.15 (z  +0.8)
  serial_pnl_48             -18.34 vs     -1.46 (z  -0.7)       +6.34 vs     +1.14 (z  +0.3)
  serial_pnl_72             -52.31 vs     -2.68 (z  -1.3)       +6.23 vs     +1.51 (z  +0.2)
  serial_pnl_168            +25.11 vs    +11.23 (z  +0.1)      -52.02 vs     +2.30 (z  -0.8)
  swing0.5_mom              +17.51 vs     +0.99 (z  +2.6)       +4.04 vs     -0.22 (z  +1.0)
  swing0.5_age              +26.78 vs     -1.02 (z  +1.7)       +7.39 vs     +0.87 (z  +0.6)
  swing0.5_pullback          -4.85 vs     -0.23 (z  -0.5)       +0.20 vs     +0.36 (z  -0.0)
  swing0.5_cv                +1.00 vs     +1.00 (z  +0.0)       +0.96 vs     +1.00 (z  -1.6)
  swing0.5_alt               +0.14 vs     +0.13 (z  +0.7)       +0.14 vs     +0.12 (z  +0.9)
  swing1.0_mom               +2.53 vs     -0.55 (z  +0.2)       -4.01 vs     +0.77 (z  -0.5)
  swing1.0_age              -48.05 vs     -5.84 (z  -1.2)       +9.12 vs     +0.15 (z  +0.4)
  swing1.0_pullback         -55.26 vs     -2.52 (z  -2.5)       -6.71 vs     +0.70 (z  -0.4)
  swing1.0_cv                +0.87 vs     +1.00 (z  -3.2)       +0.92 vs     +1.00 (z  -2.4)  <-- both periods
  swing1.0_alt               +0.17 vs     +0.11 (z  +1.8)       +0.11 vs     +0.12 (z  -0.6)
  swing2.0_mom              -72.57 vs     -0.64 (z  -1.7)       +0.15 vs     +1.93 (z  -0.1)
  swing2.0_age              -65.20 vs    -13.18 (z  -0.5)      -73.93 vs     -4.69 (z  -0.9)
  swing2.0_pullback         +80.78 vs     +4.32 (z  +1.2)      +45.44 vs     -4.30 (z  +1.1)
  swing2.0_cv                +0.87 vs     +0.94 (z  -1.3)       +0.84 vs     +0.95 (z  -2.3)
  swing2.0_alt               +0.09 vs     +0.04 (z  +1.0)       +0.01 vs     +0.06 (z  -1.1)
  48 z-scores: |z| > 2 in 12.5% (chance: 4.6%)

== hourly|crypto: pumps and breakdowns pooled (%) ==
  pump|fwd_4                 +0.05 vs     +0.04 (z  +0.0)       -0.18 vs     -0.03 (z  -0.2)
  pump|fwd_12                +0.42 vs     +0.10 (z  +0.2)       +0.09 vs     -0.12 (z  +0.2)
  pump|fwd_24                +1.10 vs     +0.04 (z  +0.6)       +0.52 vs     -0.22 (z  +0.5)
  pump|fwd_48                +1.82 vs     -0.13 (z  +0.9)       +1.66 vs     -0.32 (z  +1.0)
  pump|fwd_72                +2.09 vs     -0.27 (z  +0.9)       +1.60 vs     -0.37 (z  +0.9)
  pump|fwd_168               +5.55 vs     -0.76 (z  +1.6)       +0.39 vs     -0.89 (z  +0.4)
  pump|peak_0               +15.47 vs    +12.93 (z  +0.5)      +20.23 vs    +14.13 (z  +1.2)
  pump|peak_1                +6.12 vs     +8.68 (z  -0.6)      +10.89 vs     +9.08 (z  +0.5)
  pump|peak_2                +6.83 vs     +8.57 (z  -0.4)      +10.51 vs     +8.40 (z  +0.6)
  pump|peak_3               +15.83 vs    +20.00 (z  -0.7)      +24.51 vs    +21.07 (z  +0.6)
  pump|peak_4               +55.76 vs    +49.82 (z  +0.6)      +33.85 vs    +47.33 (z  -1.5)
  pump|second               +58.63 vs    +56.17 (z  +0.3)      +57.20 vs    +56.79 (z  +0.1)
  pump|dip                   +0.66 vs     -0.17 (z  +0.6)       +0.93 vs     -0.18 (z  +0.9)
  breakdown|fwd_4            +1.03 vs     +0.09 (z  +1.3)       -0.74 vs     +0.04 (z  -1.1)
  breakdown|fwd_12           +2.82 vs     +0.15 (z  +2.0)       +0.48 vs     +0.06 (z  +0.4)
  breakdown|fwd_24           +5.91 vs     +0.16 (z  +3.2)       +0.12 vs     +0.06 (z  +0.0)
  breakdown|fwd_48           +4.92 vs     +0.04 (z  +2.2)       +1.50 vs     -0.01 (z  +0.9)
  breakdown|fwd_72           +6.97 vs     +0.07 (z  +2.6)       +0.74 vs     -0.10 (z  +0.4)
  breakdown|fwd_168          +5.26 vs     -0.28 (z  +1.4)       -2.94 vs     -0.17 (z  -0.9)
  breakdown|peak_0          +41.87 vs    +12.49 (z  +5.8)      +17.06 vs    +11.89 (z  +1.1)
  breakdown|peak_1          +15.76 vs     +8.44 (z  +1.8)      +12.29 vs     +7.77 (z  +1.4)
  breakdown|peak_2           +5.91 vs     +7.76 (z  -0.5)       +6.48 vs     +7.28 (z  -0.2)
  breakdown|peak_3          +12.32 vs    +19.46 (z  -1.2)       +7.85 vs    +19.67 (z  -2.1)
  breakdown|peak_4          +24.14 vs    +51.84 (z  -2.8)      +56.31 vs    +53.40 (z  +0.4)
  breakdown|second          +35.47 vs    +55.92 (z  -2.4)      +48.81 vs    +60.76 (z  -1.9)
  breakdown|dip              +3.51 vs     -0.01 (z  +2.4)       -0.25 vs     -0.03 (z  -0.2)
  52 z-scores: |z| > 2 in 17.3% (chance: 4.6%)

== hourly|crypto: the equal-weight index itself ==
  serial_rho_1               -144.09 vs     -3.84 (z  -0.7)     +124.56 vs    -10.35 (z  +0.5)
  serial_pnl_1                 -0.23 vs     +0.07 (z  -0.3)       -0.14 vs     -0.05 (z  -0.1)
  serial_rho_2               -345.16 vs    -13.13 (z  -1.7)      +18.24 vs     -2.13 (z  +0.1)
  serial_pnl_2                 -1.45 vs     +0.00 (z  -0.9)       -0.65 vs     +0.03 (z  -0.6)
  serial_rho_4                -88.73 vs    +30.22 (z  -0.4)      +77.71 vs    -17.36 (z  +0.4)
  serial_pnl_4                 +0.93 vs     +0.47 (z  +0.2)       +1.45 vs     +0.21 (z  +0.6)
  serial_rho_8               -134.91 vs    +16.59 (z  -0.4)     -281.38 vs    -27.14 (z  -0.7)
  serial_pnl_8                 +6.11 vs     +0.48 (z  +1.1)       -0.48 vs     +0.14 (z  -0.1)
  serial_rho_12               +45.80 vs     +0.97 (z  +0.1)      -84.46 vs    -24.81 (z  -0.2)
  serial_pnl_12               +13.45 vs     +0.36 (z  +1.6)       +2.72 vs     +0.11 (z  +0.4)
  serial_rho_24              -104.55 vs    +17.96 (z  -0.2)      +33.88 vs    -84.34 (z  +0.2)
  serial_pnl_24               +14.14 vs     +2.28 (z  +0.7)       +0.21 vs     -1.04 (z  +0.1)
  serial_rho_48              -476.24 vs    -29.22 (z  -0.7)     -583.74 vs   -125.77 (z  -0.6)
  serial_pnl_48               -14.02 vs     +3.97 (z  -0.6)       -8.83 vs     +0.17 (z  -0.4)
  serial_rho_72              -618.35 vs    -97.41 (z  -0.7)     -409.95 vs   -178.19 (z  -0.3)
  serial_pnl_72               -55.97 vs     +3.19 (z  -1.2)      -10.42 vs     -1.92 (z  -0.2)
  serial_rho_168             +470.19 vs   -282.77 (z  +0.6)    -1214.85 vs   -423.04 (z  -0.7)
  serial_pnl_168              +60.44 vs     -6.69 (z  +0.6)     -112.61 vs     -9.60 (z  -1.0)
  cycle_g                     +30.73 vs    +29.25 (z  +0.3)      +21.37 vs    +28.05 (z  -1.6)
  swing0.5_mom                +14.21 vs     +0.72 (z  +1.5)       +4.64 vs     +0.32 (z  +0.7)
  swing0.5_age                +13.53 vs     -0.28 (z  +0.5)       +8.72 vs     +0.86 (z  +0.5)
  swing0.5_pullback           -22.17 vs     +0.35 (z  -1.6)       -2.28 vs     -0.67 (z  -0.2)
  swing0.5_cv                  +1.03 vs     +0.99 (z  +0.8)       +0.95 vs     +0.97 (z  -0.5)
  swing0.5_alt                 +0.10 vs     +0.12 (z  -0.5)       +0.18 vs     +0.11 (z  +1.6)
  swing0.5_fib              +1177.61 vs  +1183.66 (z  -0.0)    +1153.85 vs  +1182.21 (z  -0.2)
  swing1.0_mom                +15.68 vs     +2.67 (z  +0.7)      -18.52 vs     -0.19 (z  -1.4)
  swing1.0_age                -66.02 vs     +2.91 (z  -1.4)       +8.53 vs     +2.49 (z  +0.2)
  swing1.0_pullback           -52.70 vs     -1.13 (z  -1.7)      -16.28 vs     -1.68 (z  -0.7)
  swing1.0_cv                  +0.82 vs     +0.99 (z  -2.3)       +0.88 vs     +0.97 (z  -1.2)
  swing1.0_alt                 +0.25 vs     +0.11 (z  +1.8)       +0.06 vs     +0.12 (z  -0.7)
  swing1.0_fib              +1344.09 vs  +1197.58 (z  +0.7)    +1157.41 vs  +1171.41 (z  -0.1)
  swing2.0_mom                -70.79 vs     +2.26 (z  -1.1)      -36.28 vs     -0.81 (z  -0.8)
  swing2.0_age               -159.03 vs    -16.60 (z  -0.9)     -231.70 vs     -8.22 (z  -1.9)
  swing2.0_pullback           +82.75 vs    -12.24 (z  +1.0)     +110.58 vs     +1.06 (z  +1.6)
  swing2.0_cv                  +0.69 vs     +0.92 (z  -2.0)       +0.65 vs     +0.92 (z  -2.4)  <-- both periods
  swing2.0_alt                 +0.09 vs     +0.03 (z  +0.6)       +0.03 vs     +0.07 (z  -0.3)
  swing2.0_fib               +483.87 vs  +1134.08 (z  -1.8)    +1315.79 vs  +1143.23 (z  +0.5)
  cal_hour_of_day          +133493.34 vs +238800.00 (z  -1.6)   +142783.01 vs +238800.00 (z  -1.4)
  cal_weekday              +58252.33 vs +69650.00 (z  -0.3)   +54418.21 vs +69650.00 (z  -0.4)
  78 z-scores: |z| > 2 in 3.8% (chance: 4.6%)

== hourly|crypto: the index's own pumps and breakdowns (%) ==
  pump|fwd_4                 -1.08 vs     -0.05 (z  -0.8)       -0.97 vs     +0.03 (z  -0.7)
  pump|fwd_12                -0.70 vs     +0.02 (z  -0.3)       -0.72 vs     +0.16 (z  -0.4)
  pump|fwd_24                -1.13 vs     -0.13 (z  -0.4)       -1.30 vs     -0.18 (z  -0.4)
  pump|fwd_48                -0.57 vs     -0.25 (z  -0.1)       +1.95 vs     -0.16 (z  +0.6)
  pump|fwd_72                +0.11 vs     -0.61 (z  +0.2)       +2.30 vs     -0.17 (z  +0.6)
  pump|fwd_168               +5.57 vs     -1.27 (z  +1.1)       +0.04 vs     -0.35 (z  +0.1)
  pump|peak_0               +12.50 vs    +14.85 (z  -0.1)      +33.33 vs    +12.38 (z  +1.4)
  pump|peak_1                +0.00 vs     +9.86 (z  -0.8)       +0.00 vs     +9.31 (z  -0.7)
  pump|peak_2                +0.00 vs     +7.07 (z  -0.6)       +0.00 vs    +10.15 (z  -0.8)
  pump|peak_3               +12.50 vs    +21.11 (z  -0.5)      +66.67 vs    +21.05 (z  +2.6)
  pump|peak_4               +75.00 vs    +47.12 (z  +1.3)       +0.00 vs    +46.60 (z  -2.1)
  pump|second               +50.00 vs    +53.61 (z  -0.2)      +33.33 vs    +58.33 (z  -1.1)
  pump|dip                   +2.76 vs     -0.07 (z  +1.1)       +2.94 vs     -0.24 (z  +1.2)
  breakdown|fwd_4            +0.77 vs     -0.08 (z  +0.6)       -0.93 vs     +0.07 (z  -0.7)
  breakdown|fwd_12           +0.27 vs     -0.12 (z  +0.2)       +0.48 vs     +0.04 (z  +0.2)
  breakdown|fwd_24           +3.13 vs     -0.19 (z  +1.3)       -0.48 vs     +0.08 (z  -0.2)
  breakdown|fwd_48           +2.75 vs     -0.33 (z  +0.9)       +0.71 vs     +0.18 (z  +0.2)
  breakdown|fwd_72           +4.93 vs     -0.46 (z  +1.3)       +0.43 vs     +0.16 (z  +0.1)
  breakdown|fwd_168          +2.43 vs     -0.85 (z  +0.6)       -3.17 vs     +0.27 (z  -0.7)
  breakdown|peak_0          +37.50 vs    +11.71 (z  +2.1)       +0.00 vs    +13.43 (z  -1.0)
  breakdown|peak_1          +25.00 vs     +8.69 (z  +1.5)      +11.11 vs     +8.83 (z  +0.2)
  breakdown|peak_2           +0.00 vs     +7.39 (z  -0.7)       +0.00 vs     +7.92 (z  -0.7)
  breakdown|peak_3          +12.50 vs    +18.51 (z  -0.4)      +22.22 vs    +21.80 (z  +0.0)
  breakdown|peak_4          +25.00 vs    +53.70 (z  -1.4)      +66.67 vs    +48.02 (z  +0.9)
  breakdown|second          +37.50 vs    +58.73 (z  -1.1)      +44.44 vs    +57.97 (z  -0.7)
  breakdown|dip              +3.46 vs     -0.25 (z  +1.4)       -1.58 vs     +0.20 (z  -0.7)
  52 z-scores: |z| > 2 in 5.8% (chance: 4.6%)

== daily|crypto: class average, 111 assets (bps; cv and alt as numbers) ==
  serial_pnl_1              -20.38 vs     -0.75 (z  -2.1)       +9.71 vs     -0.05 (z  +1.1)
  serial_pnl_2               +5.85 vs     -0.74 (z  +0.4)       +0.97 vs     +2.93 (z  -0.1)
  serial_pnl_3              +24.02 vs     -1.00 (z  +1.2)       -6.43 vs     +3.96 (z  -0.5)
  serial_pnl_5              +53.87 vs     -1.13 (z  +1.5)      -10.97 vs     +4.76 (z  -0.4)
  serial_pnl_10            +113.47 vs     +2.53 (z  +1.7)      +49.33 vs     +7.12 (z  +0.6)
  serial_pnl_20            +255.19 vs    +19.01 (z  +1.7)     +120.44 vs    +20.97 (z  +0.7)
  serial_pnl_40             -33.06 vs    +29.71 (z  -0.2)      +87.73 vs    +40.32 (z  +0.2)
  serial_pnl_60            -338.12 vs    +67.94 (z  -1.1)      +98.34 vs    +46.65 (z  +0.1)
  swing1.0_mom              +29.26 vs     -1.06 (z  +1.4)       -6.10 vs     +3.44 (z  -0.4)
  swing1.0_age              +82.51 vs     -6.24 (z  +1.6)      -79.36 vs     -2.53 (z  -1.5)
  swing1.0_pullback          -5.85 vs     +0.98 (z  -0.2)      +13.05 vs     -2.44 (z  +0.5)
  swing1.0_cv                +0.85 vs     +0.87 (z  -0.8)       +0.80 vs     +0.86 (z  -2.1)
  swing1.0_alt               +0.01 vs     +0.02 (z  -0.5)       -0.01 vs     +0.01 (z  -1.1)
  swing2.0_mom              +61.98 vs     -1.28 (z  +1.7)      +15.77 vs     +4.88 (z  +0.3)
  swing2.0_age              -96.50 vs     -8.22 (z  -1.0)      -64.00 vs    -13.55 (z  -0.6)
  swing2.0_pullback         -78.48 vs     +5.62 (z  -1.5)      +49.31 vs     -7.02 (z  +1.0)
  swing2.0_cv                +0.82 vs     +0.86 (z  -1.3)       +0.78 vs     +0.85 (z  -2.0)
  swing2.0_alt               -0.03 vs     -0.02 (z  -0.4)       -0.06 vs     -0.02 (z  -1.1)
  swing4.0_mom             +148.12 vs     +4.55 (z  +2.1)      +63.81 vs     +8.32 (z  +0.8)
  swing4.0_age             -171.43 vs    -46.10 (z  -0.7)      -53.29 vs    -47.60 (z  -0.0)
  swing4.0_pullback        -149.86 vs     +8.32 (z  -1.3)      -48.10 vs    -10.13 (z  -0.3)
  swing4.0_cv                +0.72 vs     +0.81 (z  -2.0)       +0.80 vs     +0.79 (z  +0.2)
  swing4.0_alt               -0.05 vs     -0.07 (z  +0.4)       -0.08 vs     -0.05 (z  -0.6)
  46 z-scores: |z| > 2 in 8.7% (chance: 4.6%)

== daily|crypto: pumps and breakdowns pooled (%) ==
  pump|fwd_1                 -0.78 vs     -0.09 (z  -0.4)       +0.43 vs     -0.20 (z  +0.7)
  pump|fwd_3                 -1.03 vs     -0.15 (z  -0.3)       +0.80 vs     -0.28 (z  +0.6)
  pump|fwd_5                 -1.77 vs     -0.22 (z  -0.5)       +1.83 vs     -0.34 (z  +1.1)
  pump|fwd_10                -1.24 vs     -0.53 (z  -0.2)       +0.63 vs     -0.81 (z  +0.6)
  pump|fwd_20                -0.57 vs     -1.11 (z  +0.1)       +3.13 vs     -1.51 (z  +1.3)
  pump|peak_0               +27.57 vs    +16.72 (z  +2.3)      +20.38 vs    +17.49 (z  +0.7)
  pump|peak_1               +13.11 vs    +13.81 (z  -0.2)      +14.83 vs    +13.94 (z  +0.2)
  pump|peak_2                +8.14 vs     +9.36 (z  -0.4)       +6.19 vs     +8.03 (z  -0.7)
  pump|peak_3               +13.56 vs    +15.38 (z  -0.5)      +13.34 vs    +15.97 (z  -0.7)
  pump|peak_4               +37.63 vs    +44.73 (z  -1.2)      +45.25 vs    +44.56 (z  +0.1)
  pump|second               +55.82 vs    +64.89 (z  -1.6)      +62.75 vs    +63.36 (z  -0.1)
  pump|dip                   +0.72 vs     -0.16 (z  +0.4)       -0.48 vs     -0.39 (z  -0.1)
  breakdown|fwd_1            -0.51 vs     -0.03 (z  -0.3)       -0.19 vs     -0.06 (z  -0.1)
  breakdown|fwd_3            -3.39 vs     -0.09 (z  -1.2)       +2.26 vs     -0.43 (z  +1.5)
  breakdown|fwd_5            -3.89 vs     -0.08 (z  -1.1)       +0.10 vs     -0.55 (z  +0.3)
  breakdown|fwd_10           -3.82 vs     -0.31 (z  -0.8)       -0.08 vs     -0.71 (z  +0.2)
  breakdown|fwd_20           -3.33 vs     -0.95 (z  -0.4)       -2.64 vs     -1.23 (z  -0.4)
  breakdown|peak_0           +9.79 vs    +16.10 (z  -1.3)      +14.07 vs    +15.19 (z  -0.3)
  breakdown|peak_1          +12.54 vs    +12.93 (z  -0.1)      +13.94 vs    +13.16 (z  +0.2)
  breakdown|peak_2          +15.09 vs     +8.63 (z  +2.2)       +8.31 vs     +7.30 (z  +0.4)
  breakdown|peak_3          +15.19 vs    +15.10 (z  +0.0)      +13.30 vs    +15.68 (z  -0.7)
  breakdown|peak_4          +47.40 vs    +47.25 (z  +0.0)      +50.38 vs    +48.67 (z  +0.3)
  breakdown|second          +72.99 vs    +65.55 (z  +1.2)      +63.04 vs    +66.36 (z  -0.6)
  breakdown|dip              -3.93 vs     -0.09 (z  -1.4)       -2.93 vs     -0.35 (z  -1.9)
  48 z-scores: |z| > 2 in 4.2% (chance: 4.6%)

== daily|crypto: the equal-weight index itself ==
  serial_rho_1               -812.97 vs    +22.00 (z  -1.7)     +270.38 vs    +12.31 (z  +0.7)
  serial_pnl_1                -20.12 vs     +0.67 (z  -1.5)       +8.86 vs     +1.77 (z  +0.6)
  serial_rho_2               +117.02 vs    -63.74 (z  +0.3)     -392.68 vs    +20.59 (z  -0.9)
  serial_pnl_2                +10.24 vs     -1.71 (z  +0.5)       +8.08 vs     +1.34 (z  +0.4)
  serial_rho_3               +524.29 vs    -66.38 (z  +0.9)     -277.56 vs    -31.33 (z  -0.5)
  serial_pnl_3                +52.84 vs     -2.61 (z  +1.7)       -9.83 vs     -0.53 (z  -0.3)
  serial_rho_5               +617.87 vs    -47.52 (z  +0.9)     -259.58 vs    -19.70 (z  -0.4)
  serial_pnl_5                +70.14 vs     +5.04 (z  +1.3)      +13.44 vs     +1.28 (z  +0.3)
  serial_rho_10              +940.69 vs   -124.97 (z  +1.1)     +373.58 vs   -103.46 (z  +0.6)
  serial_pnl_10              +175.09 vs    +12.85 (z  +1.4)     +101.46 vs     +4.94 (z  +1.1)
  serial_rho_20             +2314.07 vs   -322.24 (z  +2.2)     +498.36 vs   -291.96 (z  +0.7)
  serial_pnl_20              +297.46 vs    +16.34 (z  +1.3)      +87.96 vs     +8.13 (z  +0.5)
  serial_rho_40              +816.66 vs   -640.17 (z  +0.9)     -741.24 vs   -434.35 (z  -0.2)
  serial_pnl_40              -157.45 vs    +33.68 (z  -0.4)      +53.73 vs    +40.50 (z  +0.0)
  serial_rho_60             -2430.67 vs   -855.94 (z  -0.8)    -1806.82 vs   -833.77 (z  -0.5)
  serial_pnl_60              -478.30 vs    +53.65 (z  -0.8)     +159.59 vs     -3.29 (z  +0.3)
  cycle_g                    +193.06 vs   +181.25 (z  +0.3)     +195.94 vs   +192.91 (z  +0.1)
  swing1.0_mom                +35.87 vs     -1.42 (z  +1.1)      -22.58 vs     +0.31 (z  -0.8)
  swing1.0_age                +59.65 vs     -3.45 (z  +0.6)     -240.56 vs     -6.88 (z  -2.7)
  swing1.0_pullback            -9.09 vs     +0.60 (z  -0.1)      +26.06 vs     +2.92 (z  +0.4)
  swing1.0_cv                  +0.92 vs     +0.87 (z  +0.7)       +0.73 vs     +0.84 (z  -1.7)
  swing1.0_alt                 +0.03 vs     +0.02 (z  +0.1)       -0.03 vs     +0.02 (z  -0.7)
  swing1.0_fib              +1268.29 vs  +1182.62 (z  +0.4)    +1578.95 vs  +1150.80 (z  +2.2)
  swing2.0_mom                +99.81 vs     +3.11 (z  +1.6)      +42.83 vs     -0.69 (z  +0.9)
  swing2.0_age               -371.17 vs     -0.48 (z  -2.2)     -159.17 vs    -20.60 (z  -1.0)
  swing2.0_pullback           +41.40 vs     +3.34 (z  +0.4)     +128.75 vs     +0.13 (z  +1.5)
  swing2.0_cv                  +0.67 vs     +0.86 (z  -2.6)       +0.76 vs     +0.83 (z  -1.0)
  swing2.0_alt                 -0.06 vs     -0.02 (z  -0.4)       -0.10 vs     -0.02 (z  -0.9)
  swing2.0_fib              +1264.37 vs  +1210.85 (z  +0.2)    +1379.31 vs  +1203.89 (z  +0.5)
  swing4.0_mom               +158.06 vs     +9.54 (z  +1.1)       +5.63 vs     +0.24 (z  +0.1)
  swing4.0_age               -224.03 vs    -55.92 (z  -0.5)       -4.42 vs    -42.71 (z  +0.1)
  swing4.0_pullback          -159.77 vs     +1.90 (z  -0.7)     -240.35 vs     -4.43 (z  -1.3)
  swing4.0_cv                  +0.63 vs     +0.80 (z  -1.7)       +0.80 vs     +0.79 (z  +0.2)
  swing4.0_alt                 +0.01 vs     -0.07 (z  +0.5)       -0.04 vs     -0.03 (z  -0.0)
  swing4.0_fib              +1935.48 vs  +1159.27 (z  +1.8)    +1212.12 vs  +1206.52 (z  +0.0)
  cal_weekday              +26387.33 vs +69650.00 (z  -1.2)   +108781.70 vs +69650.00 (z  +1.0)
  cal_turn_of_month           +75.96 vs     +2.00 (z  +2.3)      -34.21 vs     +1.33 (z  -1.0)
  cal_expiry_week             +19.66 vs     -1.65 (z  +0.6)      -22.93 vs     +0.73 (z  -0.9)
  76 z-scores: |z| > 2 in 7.9% (chance: 4.6%)

== daily|crypto: the index's own pumps and breakdowns (%) ==
  pump|fwd_1                 +1.92 vs     -0.25 (z  +1.0)       +2.63 vs     +0.04 (z  +1.1)
  pump|fwd_3                 +2.45 vs     -0.28 (z  +0.7)       +6.03 vs     -0.04 (z  +1.5)
  pump|fwd_5                 -4.49 vs     +0.17 (z  -0.9)      +11.92 vs     -0.16 (z  +2.7)
  pump|fwd_10                -0.18 vs     -0.14 (z  -0.0)       +8.79 vs     -0.21 (z  +1.7)
  pump|fwd_20                +1.98 vs     -0.30 (z  +0.3)      +15.69 vs     -0.82 (z  +2.4)
  pump|peak_0               +25.00 vs    +16.69 (z  +0.7)       +0.00 vs    +17.41 (z  -1.2)
  pump|peak_1                +0.00 vs    +15.71 (z  -1.4)       +0.00 vs    +19.17 (z  -1.1)
  pump|peak_2                +0.00 vs     +9.25 (z  -1.0)       +0.00 vs     +6.63 (z  -0.6)
  pump|peak_3                +0.00 vs    +14.11 (z  -1.3)      +25.00 vs    +16.63 (z  +0.6)
  pump|peak_4               +75.00 vs    +44.25 (z  +2.1)      +75.00 vs    +40.17 (z  +1.9)
  pump|second               +75.00 vs    +65.34 (z  +0.6)      +75.00 vs    +63.56 (z  +0.6)
  pump|dip                   +1.88 vs     -0.09 (z  +0.5)       -0.77 vs     -0.15 (z  -0.2)
  breakdown|fwd_1            -0.62 vs     -0.11 (z  -0.2)       -0.94 vs     -0.04 (z  -0.4)
  breakdown|fwd_3            -2.26 vs     -0.06 (z  -0.5)       +0.77 vs     -0.41 (z  +0.3)
  breakdown|fwd_5            -3.91 vs     -0.30 (z  -0.7)       -0.83 vs     -0.41 (z  -0.1)
  breakdown|fwd_10           -3.36 vs     -0.62 (z  -0.4)       -2.38 vs     -0.99 (z  -0.2)
  breakdown|fwd_20           -2.53 vs     -0.78 (z  -0.2)       -3.77 vs     -0.56 (z  -0.4)
  breakdown|peak_0          +13.33 vs    +14.61 (z  -0.1)      +14.29 vs    +16.37 (z  -0.1)
  breakdown|peak_1          +13.33 vs    +13.37 (z  -0.0)      +14.29 vs    +15.94 (z  -0.1)
  breakdown|peak_2          +20.00 vs     +9.57 (z  +1.0)      +14.29 vs     +6.90 (z  +0.7)
  breakdown|peak_3          +20.00 vs    +13.42 (z  +0.6)      +28.57 vs    +15.88 (z  +0.8)
  breakdown|peak_4          +33.33 vs    +49.02 (z  -1.0)      +28.57 vs    +44.91 (z  -0.8)
  breakdown|second          +73.33 vs    +67.00 (z  +0.4)      +57.14 vs    +65.96 (z  -0.5)
  breakdown|dip              -4.77 vs     -0.47 (z  -0.9)       -2.64 vs     +0.08 (z  -0.8)
  48 z-scores: |z| > 2 in 6.2% (chance: 4.6%)

== daily|stock: class average, 286 assets (bps; cv and alt as numbers) ==
  serial_pnl_1               +1.94 vs     -0.04 (z  +0.7)       -3.52 vs     +0.01 (z  -1.3)
  serial_pnl_2               -3.67 vs     +0.21 (z  -0.7)       -3.37 vs     -0.06 (z  -0.9)
  serial_pnl_3               -9.49 vs     +0.87 (z  -1.2)       -5.81 vs     +0.65 (z  -1.1)
  serial_pnl_5               -7.65 vs     +1.87 (z  -0.7)       -1.46 vs     +1.98 (z  -0.4)
  serial_pnl_10              -4.55 vs     +6.59 (z  -0.5)       -1.06 vs     +5.53 (z  -0.3)
  serial_pnl_20             -46.60 vs    +15.94 (z  -1.4)       +5.24 vs    +13.80 (z  -0.2)
  serial_pnl_40             -94.09 vs    +37.92 (z  -1.4)       -9.67 vs    +41.03 (z  -0.7)
  serial_pnl_60              -6.25 vs    +58.13 (z  -0.4)      -31.28 vs    +75.57 (z  -1.0)
  swing1.0_mom               -9.57 vs     +0.98 (z  -1.3)       -1.00 vs     +0.37 (z  -0.2)
  swing1.0_age               -6.46 vs     -0.37 (z  -0.3)       +0.62 vs     -0.90 (z  +0.1)
  swing1.0_pullback          +3.99 vs     -0.05 (z  +0.4)      +13.64 vs     +0.57 (z  +1.6)
  swing1.0_cv                +0.85 vs     +0.85 (z  -0.1)       +0.85 vs     +0.85 (z  -0.2)
  swing1.0_alt               -0.00 vs     +0.01 (z  -0.8)       +0.00 vs     +0.01 (z  -0.6)
  swing2.0_mom               -4.76 vs     +2.27 (z  -0.5)       -2.78 vs     +2.18 (z  -0.5)
  swing2.0_age               +7.48 vs     -2.20 (z  +0.3)      -15.83 vs     -2.82 (z  -0.6)
  swing2.0_pullback         +27.83 vs     -1.12 (z  +1.3)       -3.35 vs     -0.20 (z  -0.2)
  swing2.0_cv                +0.83 vs     +0.84 (z  -1.0)       +0.82 vs     +0.84 (z  -0.9)
  swing2.0_alt               -0.02 vs     -0.03 (z  +0.6)       -0.06 vs     -0.03 (z  -1.9)
  swing4.0_mom              -14.13 vs     +7.34 (z  -0.9)       +9.33 vs     +6.03 (z  +0.2)
  swing4.0_age              -79.91 vs    -19.70 (z  -1.0)      -16.31 vs    -16.42 (z  +0.0)
  swing4.0_pullback          -3.61 vs     -4.31 (z  +0.0)       +9.84 vs     -2.88 (z  +0.4)
  swing4.0_cv                +0.75 vs     +0.79 (z  -1.6)       +0.77 vs     +0.78 (z  -0.6)
  swing4.0_alt               -0.01 vs     -0.07 (z  +2.0)       -0.06 vs     -0.08 (z  +0.6)
  46 z-scores: |z| > 2 in 2.2% (chance: 4.6%)

== daily|stock: pumps and breakdowns pooled (%) ==
  pump|fwd_1                 +0.26 vs     -0.01 (z  +1.5)       -0.56 vs     +0.02 (z  -1.3)
  pump|fwd_3                 +0.25 vs     +0.02 (z  +0.7)       -0.11 vs     +0.10 (z  -0.3)
  pump|fwd_5                 -0.02 vs     +0.04 (z  -0.1)       -0.29 vs     +0.22 (z  -0.5)
  pump|fwd_10                +0.45 vs     +0.13 (z  +0.5)       +0.61 vs     +0.31 (z  +0.3)
  pump|fwd_20                +0.10 vs     +0.41 (z  -0.3)       +1.62 vs     +0.57 (z  +0.7)
  pump|peak_0               +11.96 vs    +13.33 (z  -0.8)      +13.39 vs    +13.96 (z  -0.2)
  pump|peak_1               +11.16 vs    +11.34 (z  -0.1)       +9.95 vs    +11.13 (z  -0.6)
  pump|peak_2                +9.09 vs     +7.90 (z  +1.1)       +6.51 vs     +8.54 (z  -1.0)
  pump|peak_3               +14.19 vs    +15.02 (z  -0.6)      +12.55 vs    +15.26 (z  -1.5)
  pump|peak_4               +53.59 vs    +52.40 (z  +0.4)      +57.60 vs    +51.10 (z  +1.6)
  pump|second               +67.07 vs    +65.27 (z  +0.7)      +62.79 vs    +65.69 (z  -0.9)
  pump|dip                   +0.13 vs     +0.08 (z  +0.1)       +0.26 vs     +0.22 (z  +0.1)
  breakdown|fwd_1            -0.05 vs     +0.03 (z  -0.4)       -0.47 vs     +0.08 (z  -1.3)
  breakdown|fwd_3            -0.06 vs     +0.09 (z  -0.4)       -0.56 vs     +0.17 (z  -1.4)
  breakdown|fwd_5            -0.02 vs     +0.11 (z  -0.3)       -0.14 vs     +0.23 (z  -0.4)
  breakdown|fwd_10           +0.33 vs     +0.21 (z  +0.2)       +0.48 vs     +0.35 (z  +0.1)
  breakdown|fwd_20           +0.91 vs     +0.47 (z  +0.4)       +1.10 vs     +0.56 (z  +0.4)
  breakdown|peak_0          +14.70 vs    +15.57 (z  -0.4)      +14.92 vs    +16.13 (z  -0.4)
  breakdown|peak_1          +13.88 vs    +12.85 (z  +0.6)      +14.53 vs    +12.58 (z  +0.8)
  breakdown|peak_2          +11.23 vs     +8.42 (z  +2.6)      +13.53 vs     +8.56 (z  +2.8)  <-- both periods
  breakdown|peak_3          +15.46 vs    +15.86 (z  -0.2)      +15.37 vs    +15.67 (z  -0.2)
  breakdown|peak_4          +44.73 vs    +47.30 (z  -0.7)      +41.65 vs    +47.07 (z  -1.3)
  breakdown|second          +65.99 vs    +62.65 (z  +1.2)      +66.09 vs    +62.67 (z  +1.0)
  breakdown|dip              +0.28 vs     +0.10 (z  +0.4)       -0.18 vs     +0.15 (z  -0.4)
  48 z-scores: |z| > 2 in 4.2% (chance: 4.6%)

== daily|stock: the equal-weight index itself ==
  serial_rho_1               +283.77 vs     +4.99 (z  +0.6)     -658.95 vs    -45.25 (z  -0.7)
  serial_pnl_1                 +6.80 vs     +0.48 (z  +1.2)       -1.98 vs     -0.51 (z  -0.4)
  serial_rho_2               -196.00 vs    -64.66 (z  -0.2)     -294.84 vs    -95.61 (z  -0.3)
  serial_pnl_2                 -5.24 vs     -0.11 (z  -0.6)       -4.05 vs     +0.11 (z  -0.7)
  serial_rho_3               -781.82 vs    -54.88 (z  -1.1)     -986.58 vs    -18.00 (z  -0.9)
  serial_pnl_3                 -7.32 vs     +0.62 (z  -0.7)       -3.74 vs     +0.44 (z  -0.4)
  serial_rho_5               -981.00 vs    -87.18 (z  -1.1)     -600.16 vs    -54.23 (z  -0.5)
  serial_pnl_5                -14.52 vs     +1.32 (z  -0.9)       +0.41 vs     +1.94 (z  -0.1)
  serial_rho_10              -791.44 vs    -84.44 (z  -0.6)    -1169.59 vs   -228.00 (z  -0.8)
  serial_pnl_10                -3.36 vs     +7.33 (z  -0.3)       +8.59 vs     +2.37 (z  +0.2)
  serial_rho_20             -1531.91 vs   -409.37 (z  -0.7)    -1511.96 vs   -583.99 (z  -0.6)
  serial_pnl_20               -84.58 vs     +6.40 (z  -1.2)      -13.58 vs     -1.01 (z  -0.2)
  serial_rho_40             -2252.43 vs   -756.99 (z  -0.8)    -3131.56 vs   -839.91 (z  -1.2)
  serial_pnl_40               -64.23 vs    +21.16 (z  -0.5)      -46.29 vs    +14.83 (z  -0.5)
  serial_rho_60              -235.59 vs  -1228.20 (z  +0.5)    -4015.56 vs  -1396.47 (z  -1.2)
  serial_pnl_60               -11.40 vs    +37.75 (z  -0.2)      -85.24 vs    +29.45 (z  -0.5)
  cycle_g                    +253.65 vs   +245.52 (z  +0.2)     +305.52 vs   +261.51 (z  +0.9)
  swing1.0_mom                 -6.16 vs     +1.12 (z  -0.6)       -5.97 vs     +0.83 (z  -0.7)
  swing1.0_age                -20.55 vs     +3.02 (z  -0.7)      -19.53 vs     +1.10 (z  -0.7)
  swing1.0_pullback           +21.68 vs     +2.19 (z  +0.6)      +12.80 vs     +1.64 (z  +0.5)
  swing1.0_cv                  +0.87 vs     +0.84 (z  +0.4)       +0.79 vs     +0.85 (z  -0.7)
  swing1.0_alt                 -0.05 vs     +0.01 (z  -0.7)       -0.06 vs     +0.02 (z  -0.9)
  swing1.0_fib              +1202.53 vs  +1147.48 (z  +0.2)    +1748.25 vs  +1176.43 (z  +2.2)
  swing2.0_mom                 +0.84 vs     +2.30 (z  -0.1)      +22.24 vs     +2.01 (z  +1.2)
  swing2.0_age                +44.90 vs     +2.12 (z  +0.7)       -5.78 vs     -4.01 (z  -0.0)
  swing2.0_pullback           +43.39 vs     -1.93 (z  +1.3)      +60.16 vs     -0.47 (z  +2.0)
  swing2.0_cv                  +0.82 vs     +0.85 (z  -0.3)       +0.90 vs     +0.86 (z  +0.5)
  swing2.0_alt                 -0.00 vs     -0.01 (z  +0.0)       -0.11 vs     +0.02 (z  -1.2)
  swing2.0_fib              +1153.85 vs  +1210.61 (z  -0.2)    +2068.97 vs  +1213.40 (z  +2.2)
  swing4.0_mom                -40.43 vs     +4.42 (z  -0.9)      +18.17 vs     +0.93 (z  +0.5)
  swing4.0_age               -105.07 vs    -17.83 (z  -0.8)      -71.45 vs     +1.31 (z  -0.8)
  swing4.0_pullback            -3.99 vs    -10.22 (z  +0.1)      -35.57 vs     -0.58 (z  -0.6)
  swing4.0_cv                  +0.65 vs     +0.80 (z  -1.1)       +0.74 vs     +0.82 (z  -0.5)
  swing4.0_alt                 -0.12 vs     -0.04 (z  -0.5)       -0.41 vs     -0.08 (z  -1.8)
  swing4.0_fib               +937.50 vs  +1189.11 (z  -0.4)     +434.78 vs  +1197.28 (z  -1.2)
  cal_weekday               +4855.33 vs +49750.00 (z  -1.5)   +70896.00 vs +49750.00 (z  +0.7)
  cal_turn_of_month            +6.16 vs     +0.42 (z  +0.5)       -6.98 vs     -1.38 (z  -0.5)
  cal_expiry_week             +15.84 vs     -1.94 (z  +1.5)       +7.68 vs     -0.19 (z  +0.9)
  76 z-scores: |z| > 2 in 2.6% (chance: 4.6%)

== daily|stock: the index's own pumps and breakdowns (%) ==
  pump|fwd_1                 +2.22 vs     -0.10 (z  +3.1)       -0.85 vs     -0.04 (z  -0.9)
  pump|fwd_3                 +2.66 vs     +0.01 (z  +1.3)       -0.24 vs     +0.03 (z  -0.2)
  pump|fwd_5                 -0.19 vs     +0.05 (z  -0.1)       -0.58 vs     +0.19 (z  -0.4)
  pump|fwd_10                +0.85 vs     +0.20 (z  +0.2)       -0.45 vs     +0.29 (z  -0.4)
  pump|fwd_20                -1.76 vs     +0.41 (z  -0.6)       +0.65 vs     +0.38 (z  +0.1)
  pump|peak_0                +0.00 vs    +14.53 (z  -0.6)      +16.67 vs    +13.93 (z  +0.2)
  pump|peak_1                +0.00 vs    +13.00 (z  -0.6)      +16.67 vs    +11.44 (z  +0.4)
  pump|peak_2              +100.00 vs    +10.60 (z  +4.0)       +0.00 vs    +10.40 (z  -0.8)
  pump|peak_3                +0.00 vs    +16.56 (z  -0.7)      +16.67 vs    +12.21 (z  +0.3)
  pump|peak_4                +0.00 vs    +42.31 (z  -1.2)      +50.00 vs    +52.02 (z  -0.1)
  pump|second              +100.00 vs    +63.29 (z  +1.0)      +33.33 vs    +66.06 (z  -1.7)
  pump|dip                   +0.52 vs     +0.01 (z  +0.3)       +0.40 vs     +0.22 (z  +0.1)
  breakdown|fwd_1            +0.49 vs     -0.03 (z  +0.6)       -0.93 vs     -0.02 (z  -0.8)
  breakdown|fwd_3            +0.65 vs     +0.28 (z  +0.2)       -1.22 vs     +0.09 (z  -0.8)
  breakdown|fwd_5            +0.49 vs     +0.24 (z  +0.1)       +1.00 vs     +0.27 (z  +0.3)
  breakdown|fwd_10           +1.20 vs     +0.44 (z  +0.3)       +0.36 vs     +0.36 (z  -0.0)
  breakdown|fwd_20           +4.17 vs     +0.65 (z  +0.9)       +0.46 vs     +0.51 (z  -0.0)
  breakdown|peak_0          +33.33 vs    +17.21 (z  +0.6)       +0.00 vs    +17.99 (z  -1.1)
  breakdown|peak_1           +0.00 vs    +19.88 (z  -0.7)      +16.67 vs    +12.43 (z  +0.3)
  breakdown|peak_2           +0.00 vs     +5.00 (z  -0.3)      +33.33 vs    +12.26 (z  +1.4)
  breakdown|peak_3           +0.00 vs    +14.29 (z  -0.5)      +16.67 vs    +14.17 (z  +0.1)
  breakdown|peak_4          +66.67 vs    +37.12 (z  +0.8)      +33.33 vs    +43.15 (z  -0.5)
  breakdown|second          +33.33 vs    +60.79 (z  -0.7)      +66.67 vs    +67.07 (z  -0.0)
  breakdown|dip              -1.23 vs     +0.34 (z  -0.8)       -1.08 vs     +0.14 (z  -0.7)
  48 z-scores: |z| > 2 in 4.2% (chance: 4.6%)

== hourly|crypto: moves relative to the rest of the class ==
  serial_pnl_1               -0.94 vs     -0.01 (z  -5.4)       -0.57 vs     +0.00 (z  -3.7)  <-- both periods
  serial_pnl_2               -1.07 vs     +0.02 (z  -4.1)       -0.86 vs     +0.01 (z  -4.4)  <-- both periods
  serial_pnl_4               -0.69 vs     +0.01 (z  -1.4)       -0.79 vs     +0.05 (z  -2.3)
  serial_pnl_8               -0.16 vs     +0.08 (z  -0.3)       -0.06 vs     +0.07 (z  -0.2)
  serial_pnl_12              +0.10 vs     +0.11 (z  -0.0)       +1.99 vs     +0.08 (z  +1.6)
  serial_pnl_24              -2.29 vs     +0.44 (z  -1.1)       +6.27 vs     +0.18 (z  +2.7)
  serial_pnl_48             -10.31 vs     +0.96 (z  -2.2)       +9.86 vs     +1.14 (z  +2.2)
  serial_pnl_72             -13.01 vs     +1.60 (z  -1.8)      +12.90 vs     +1.34 (z  +1.8)
  serial_pnl_168            +19.54 vs     +6.73 (z  +0.7)       +9.03 vs     +4.37 (z  +0.3)
  swing0.5_mom               +1.31 vs     +0.12 (z  +0.9)       +1.78 vs     +0.08 (z  +1.5)
  swing0.5_age               -0.14 vs     -0.12 (z  -0.0)       +3.06 vs     -0.30 (z  +1.2)
  swing0.5_pullback          +3.91 vs     -0.04 (z  +1.9)       -0.01 vs     -0.15 (z  +0.1)
  swing1.0_mom               -2.92 vs     +0.52 (z  -1.2)       +6.99 vs     +0.40 (z  +3.1)
  swing1.0_age               -6.50 vs     -0.86 (z  -0.7)      +11.31 vs     +0.43 (z  +1.8)
  swing1.0_pullback          -4.73 vs     -0.51 (z  -1.0)       -4.06 vs     +0.18 (z  -1.1)
  swing2.0_mom               -9.33 vs     +2.06 (z  -1.4)       +8.87 vs     +1.75 (z  +1.1)
  swing2.0_age              -20.05 vs     -7.06 (z  -0.5)       -2.48 vs     -3.24 (z  +0.0)
  swing2.0_pullback         +35.10 vs     -1.03 (z  +2.5)      -32.86 vs     -1.98 (z  -3.2)
  36 z-scores: |z| > 2 in 30.6% (chance: 4.6%)

== daily|crypto: moves relative to the rest of the class ==
  serial_pnl_1               -5.16 vs     +0.35 (z  -2.9)       -2.76 vs     +0.33 (z  -1.8)
  serial_pnl_2              -13.35 vs     +0.59 (z  -4.5)       -4.80 vs     +0.90 (z  -2.0)  <-- both periods
  serial_pnl_3              -10.45 vs     +0.89 (z  -2.6)       -3.91 vs     +1.59 (z  -1.5)
  serial_pnl_5               -7.60 vs     +2.05 (z  -1.3)       -3.93 vs     +3.10 (z  -1.2)
  serial_pnl_10              -4.18 vs     +6.02 (z  -0.8)       +3.06 vs     +8.45 (z  -0.5)
  serial_pnl_20              +9.83 vs    +14.75 (z  -0.2)      +17.90 vs    +20.53 (z  -0.1)
  serial_pnl_40            -122.21 vs    +47.65 (z  -3.5)      -37.64 vs    +51.43 (z  -2.0)  <-- both periods
  serial_pnl_60            -106.23 vs    +82.61 (z  -2.5)      -63.65 vs    +90.84 (z  -2.3)  <-- both periods
  swing1.0_mom              -10.86 vs     +0.96 (z  -2.7)       -2.85 vs     +1.60 (z  -1.1)
  swing1.0_age               +5.50 vs     -0.42 (z  +0.6)       -7.00 vs     +1.04 (z  -0.8)
  swing1.0_pullback         +24.39 vs     -0.75 (z  +3.1)       +8.31 vs     -0.93 (z  +1.4)
  swing2.0_mom               -5.89 vs     +3.06 (z  -1.3)       -3.27 vs     +3.45 (z  -1.0)
  swing2.0_age               +4.20 vs     -4.63 (z  +0.5)       -1.91 vs     +0.95 (z  -0.2)
  swing2.0_pullback         +19.88 vs     -0.71 (z  +1.6)       +7.18 vs     -3.03 (z  +0.9)
  swing4.0_mom              +18.39 vs     +6.07 (z  +0.9)       +0.47 vs     +9.42 (z  -0.7)
  swing4.0_age              -64.29 vs    -18.34 (z  -1.3)      +20.76 vs     -5.74 (z  +0.8)
  swing4.0_pullback         +34.16 vs     -6.12 (z  +1.6)      +14.64 vs     -8.46 (z  +1.0)
  34 z-scores: |z| > 2 in 29.4% (chance: 4.6%)

== daily|stock: moves relative to the rest of the class ==
  serial_pnl_1               +0.12 vs     -0.05 (z  +0.1)       -2.00 vs     +0.09 (z  -1.3)
  serial_pnl_2               -2.33 vs     +0.20 (z  -0.8)       -1.26 vs     +0.35 (z  -0.6)
  serial_pnl_3               -5.17 vs     +0.57 (z  -1.3)       -3.55 vs     +0.95 (z  -1.2)
  serial_pnl_5               -4.37 vs     +1.54 (z  -0.8)       -3.62 vs     +2.25 (z  -0.9)
  serial_pnl_10              +3.31 vs     +3.84 (z  -0.0)       +7.84 vs     +3.55 (z  +0.4)
  serial_pnl_20             -15.21 vs    +11.48 (z  -1.0)      +25.63 vs    +11.58 (z  +0.6)
  serial_pnl_40             -37.58 vs    +36.95 (z  -1.5)       +8.69 vs    +32.48 (z  -0.5)
  serial_pnl_60              -5.22 vs    +64.47 (z  -0.9)      -15.76 vs    +60.20 (z  -1.1)
  swing1.0_mom               -6.13 vs     +0.67 (z  -1.5)       -2.25 vs     +0.96 (z  -0.8)
  swing1.0_age               -1.10 vs     -0.42 (z  -0.1)       -8.75 vs     -0.20 (z  -1.0)
  swing1.0_pullback          -0.38 vs     -0.02 (z  -0.1)       +2.89 vs     -0.43 (z  +0.5)
  swing2.0_mom               -3.25 vs     +1.46 (z  -0.6)       -1.61 vs     +2.15 (z  -0.6)
  swing2.0_age               +5.19 vs     -3.40 (z  +0.5)       -3.86 vs     -5.21 (z  +0.1)
  swing2.0_pullback         +16.85 vs     -1.09 (z  +1.5)       +6.84 vs     -1.91 (z  +0.8)
  swing4.0_mom               -0.03 vs     +4.32 (z  -0.3)      +16.50 vs     +4.67 (z  +0.9)
  swing4.0_age              -45.81 vs    -15.86 (z  -0.9)      -23.98 vs    -17.27 (z  -0.2)
  swing4.0_pullback          -2.46 vs     -2.45 (z  -0.0)      +13.39 vs     -2.70 (z  +0.8)
  34 z-scores: |z| > 2 in 0.0% (chance: 4.6%)
