
== hourly: 38 assets (NAIVE pooling: overstates; see class_summary.py) ==
  crypto pumps
    fwd_4       +0.05 vs   +0.02% (z  +0.1, n 278)     -0.18 vs   -0.01% (z  -0.7, n 257)
    fwd_12      +0.42 vs   +0.02% (z  +0.9, n 278)     +0.09 vs   -0.05% (z  +0.4, n 257)
    fwd_24      +1.10 vs   +0.02% (z  +2.1, n 278)     +0.52 vs   -0.06% (z  +1.3, n 257)
    fwd_48      +1.82 vs   -0.11% (z  +2.7, n 278)     +1.66 vs   -0.11% (z  +3.0, n 257)
    fwd_72      +2.09 vs   -0.15% (z  +2.9, n 278)     +1.60 vs   -0.16% (z  +2.5, n 257)
    fwd_168     +5.55 vs   -0.25% (z  +5.1, n 278)     +0.39 vs   -0.36% (z  +0.8, n 257)
    peak_0     +15.47 vs  +12.28% (z  +1.4, n 278)    +20.23 vs  +13.12% (z  +3.4, n 257)
    peak_1      +6.12 vs   +8.87% (z  -1.4, n 278)    +10.89 vs   +8.80% (z  +1.2, n 257)
    peak_2      +6.83 vs   +8.39% (z  -0.8, n 278)    +10.51 vs   +8.49% (z  +1.1, n 257)
    peak_3     +15.83 vs  +19.89% (z  -1.6, n 278)    +24.51 vs  +21.40% (z  +1.3, n 257)
    peak_4     +55.76 vs  +50.56% (z  +1.7, n 278)    +33.85 vs  +48.19% (z  -4.7, n 257)
    second     +58.63 vs  +56.51% (z  +0.7, n 278)    +57.20 vs  +57.79% (z  -0.2, n 257)
    dip         +0.66 vs   -0.06% (z  +1.5, n 272)     +0.93 vs   -0.02% (z  +2.0, n 250)
  crypto breakdowns
    fwd_4       +1.03 vs   -0.02% (z  +4.2, n 203)     -0.74 vs   -0.03% (z  -3.0, n 293)
    fwd_12      +2.82 vs   -0.03% (z  +7.2, n 203)     +0.48 vs   -0.04% (z  +1.5, n 293)
    fwd_24      +5.91 vs   -0.03% (z +10.7, n 203)     +0.12 vs   -0.04% (z  +0.4, n 293)
    fwd_48      +4.92 vs   -0.07% (z  +7.0, n 203)     +1.50 vs   -0.10% (z  +2.8, n 293)
    fwd_72      +6.97 vs   -0.16% (z  +9.1, n 203)     +0.74 vs   -0.12% (z  +1.4, n 293)
    fwd_168     +5.26 vs   -0.42% (z  +4.6, n 203)     -2.94 vs   -0.33% (z  -3.1, n 293)
    peak_0     +41.87 vs  +12.33% (z +13.0, n 203)    +17.06 vs  +11.82% (z  +2.8, n 293)
    peak_1     +15.76 vs   +8.45% (z  +3.6, n 203)    +12.29 vs   +7.87% (z  +2.5, n 293)
    peak_2      +5.91 vs   +8.03% (z  -1.1, n 203)     +6.48 vs   +7.57% (z  -0.7, n 293)
    peak_3     +12.32 vs  +19.29% (z  -2.5, n 203)     +7.85 vs  +19.14% (z  -4.6, n 293)
    peak_4     +24.14 vs  +51.91% (z  -7.8, n 203)    +56.31 vs  +53.60% (z  +0.9, n 293)
    second     +35.47 vs  +56.77% (z  -6.8, n 203)    +48.81 vs  +61.20% (z  -4.4, n 293)  <-- both periods
    dip         +3.51 vs   -0.03% (z  +6.6, n 199)     -0.25 vs   -0.07% (z  -0.4, n 274)

== daily: 398 assets (NAIVE pooling: overstates; see class_summary.py) ==
  crypto pumps
    fwd_1       -0.78 vs   -0.03% (z  -2.2, n 885)     +0.43 vs   -0.08% (z  +1.7, n 937)
    fwd_3       -1.03 vs   -0.12% (z  -1.7, n 885)     +0.80 vs   -0.19% (z  +2.2, n 937)
    fwd_5       -1.77 vs   -0.22% (z  -2.2, n 885)     +1.83 vs   -0.31% (z  +4.0, n 937)
    fwd_10      -1.24 vs   -0.54% (z  -0.8, n 885)     +0.63 vs   -0.62% (z  +1.7, n 937)
    fwd_20      -0.57 vs   -1.11% (z  +0.5, n 885)     +3.13 vs   -1.26% (z  +4.3, n 937)
    peak_0     +27.57 vs  +17.03% (z  +8.7, n 885)    +20.38 vs  +16.95% (z  +2.7, n 937)
    peak_1     +13.11 vs  +13.97% (z  -0.8, n 885)    +14.83 vs  +14.35% (z  +0.4, n 937)
    peak_2      +8.14 vs   +8.93% (z  -0.9, n 885)     +6.19 vs   +7.88% (z  -1.8, n 937)
    peak_3     +13.56 vs  +15.41% (z  -1.7, n 885)    +13.34 vs  +15.86% (z  -2.1, n 937)
    peak_4     +37.63 vs  +44.65% (z  -4.6, n 885)    +45.25 vs  +44.96% (z  +0.2, n 937)
    second     +55.82 vs  +64.40% (z  -5.5, n 885)    +62.75 vs  +64.23% (z  -0.9, n 937)
    dip         +0.72 vs   -0.28% (z  +1.7, n 859)     -0.48 vs   -0.31% (z  -0.3, n 920)
  crypto breakdowns
    fwd_1       -0.51 vs   -0.08% (z  -1.5, n 981)     -0.19 vs   -0.10% (z  -0.3, n 782)
    fwd_3       -3.39 vs   -0.19% (z  -6.8, n 981)     +2.26 vs   -0.30% (z  +5.7, n 782)
    fwd_5       -3.89 vs   -0.29% (z  -6.0, n 981)     +0.10 vs   -0.39% (z  +0.9, n 782)
    fwd_10      -3.82 vs   -0.58% (z  -4.2, n 981)     -0.08 vs   -0.76% (z  +1.0, n 782)
    fwd_20      -3.33 vs   -1.17% (z  -2.0, n 981)     -2.64 vs   -1.43% (z  -1.3, n 782)
    peak_0      +9.79 vs  +15.48% (z  -5.2, n 981)    +14.07 vs  +15.03% (z  -0.9, n 782)
    peak_1     +12.54 vs  +12.90% (z  -0.3, n 981)    +13.94 vs  +13.14% (z  +0.7, n 782)
    peak_2     +15.09 vs   +8.44% (z  +8.3, n 981)     +8.31 vs   +7.40% (z  +1.2, n 782)
    peak_3     +15.19 vs  +14.74% (z  +0.4, n 981)    +13.30 vs  +15.20% (z  -1.6, n 782)
    peak_4     +47.40 vs  +48.44% (z  -0.7, n 981)    +50.38 vs  +49.23% (z  +0.7, n 782)
    second     +72.99 vs  +66.31% (z  +4.6, n 981)    +63.04 vs  +66.32% (z  -2.1, n 782)
    dip         -3.93 vs   -0.28% (z  -6.2, n 934)     -2.93 vs   -0.30% (z  -5.7, n 770)  <-- both periods
  stock pumps
    fwd_1       +0.26 vs   +0.01% (z  +2.3, n 1254)     -0.56 vs   +0.04% (z  -6.6, n 1658)
    fwd_3       +0.25 vs   +0.07% (z  +1.1, n 1254)     -0.11 vs   +0.09% (z  -1.4, n 1658)
    fwd_5       -0.02 vs   +0.11% (z  -0.6, n 1254)     -0.29 vs   +0.17% (z  -2.6, n 1658)
    fwd_10      +0.45 vs   +0.27% (z  +0.6, n 1254)     +0.61 vs   +0.34% (z  +1.2, n 1658)
    fwd_20      +0.10 vs   +0.55% (z  -1.1, n 1254)     +1.62 vs   +0.65% (z  +3.4, n 1658)
    peak_0     +11.96 vs  +13.27% (z  -1.3, n 1254)    +13.39 vs  +13.77% (z  -0.5, n 1658)
    peak_1     +11.16 vs  +11.29% (z  -0.1, n 1254)     +9.95 vs  +11.34% (z  -2.0, n 1658)
    peak_2      +9.09 vs   +7.78% (z  +2.0, n 1254)     +6.51 vs   +8.19% (z  -2.6, n 1658)
    peak_3     +14.19 vs  +15.25% (z  -1.2, n 1254)    +12.55 vs  +15.09% (z  -3.0, n 1658)
    peak_4     +53.59 vs  +52.42% (z  +0.9, n 1254)    +57.60 vs  +51.62% (z  +5.5, n 1658)
    second     +67.07 vs  +65.58% (z  +1.2, n 1254)    +62.79 vs  +65.99% (z  -2.8, n 1658)
    dip         +0.13 vs   +0.13% (z  -0.0, n 1120)     +0.26 vs   +0.17% (z  +0.6, n 1530)
  stock breakdowns
    fwd_1       -0.05 vs   +0.02% (z  -0.5, n 1585)     -0.47 vs   +0.03% (z  -5.9, n 1796)
    fwd_3       -0.06 vs   +0.06% (z  -0.6, n 1585)     -0.56 vs   +0.09% (z  -5.1, n 1796)
    fwd_5       -0.02 vs   +0.11% (z  -0.6, n 1585)     -0.14 vs   +0.15% (z  -1.7, n 1796)
    fwd_10      +0.33 vs   +0.22% (z  +0.4, n 1585)     +0.48 vs   +0.28% (z  +0.9, n 1796)
    fwd_20      +0.91 vs   +0.44% (z  +1.1, n 1585)     +1.10 vs   +0.54% (z  +1.7, n 1796)
    peak_0     +14.70 vs  +15.41% (z  -0.8, n 1585)    +14.92 vs  +15.96% (z  -1.2, n 1796)
    peak_1     +13.88 vs  +12.66% (z  +1.4, n 1585)    +14.53 vs  +12.70% (z  +2.4, n 1796)
    peak_2     +11.23 vs   +8.58% (z  +3.2, n 1585)    +13.53 vs   +8.91% (z  +7.1, n 1796)  <-- both periods
    peak_3     +15.46 vs  +15.91% (z  -0.5, n 1585)    +15.37 vs  +15.64% (z  -0.3, n 1796)
    peak_4     +44.73 vs  +47.44% (z  -2.0, n 1585)    +41.65 vs  +46.78% (z  -4.1, n 1796)
    second     +65.99 vs  +62.77% (z  +2.6, n 1585)    +66.09 vs  +63.02% (z  +2.9, n 1796)
    dip         +0.28 vs   +0.11% (z  +0.7, n 1506)     -0.18 vs   +0.14% (z  -2.0, n 1706)
