17042 asset-tests from 436 asset series

1. first-period z-scores against chance (4.6% beyond 2, 0.27% beyond 3)
  daily  cal_expiry_week    n   398  |z|>2  14.1%  |z|>3  4.77%  mean z -0.59
  daily  cal_turn_of_month  n   398  |z|>2   7.0%  |z|>3  0.25%  mean z +0.51
  daily  cal_weekday        n   398  |z|>2   1.8%  |z|>3  0.25%  mean z -0.41
  daily  cycle              n   398  |z|>2   4.0%  |z|>3  1.01%  mean z -0.02
  daily  serial             n  6368  |z|>2   3.9%  |z|>3  0.24%  mean z -0.18
  daily  swing_age          n  1194  |z|>2   4.4%  |z|>3  0.08%  mean z -0.11
  daily  swing_alt          n  1190  |z|>2   4.8%  |z|>3  0.50%  mean z +0.06
  daily  swing_cv           n  1190  |z|>2   3.1%  |z|>3  0.42%  mean z -0.26
  daily  swing_fib          n  1190  |z|>2   6.5%  |z|>3  0.76%  mean z +0.11
  daily  swing_mom          n  1194  |z|>2   4.9%  |z|>3  0.59%  mean z -0.01
  daily  swing_pullback     n  1194  |z|>2   5.0%  |z|>3  0.25%  mean z +0.04
  hourly cal_hour_of_day    n    38  |z|>2   0.0%  |z|>3  0.00%  mean z -0.53
  hourly cal_weekday        n    38  |z|>2   0.0%  |z|>3  0.00%  mean z -0.21
  hourly cycle              n    38  |z|>2   7.9%  |z|>3  2.63%  mean z -0.05
  hourly serial             n   684  |z|>2   6.0%  |z|>3  0.73%  mean z -0.33
  hourly swing_age          n   114  |z|>2   7.0%  |z|>3  0.00%  mean z -0.03
  hourly swing_alt          n   114  |z|>2   7.0%  |z|>3  0.88%  mean z +0.50
  hourly swing_cv           n   114  |z|>2  12.3%  |z|>3  0.00%  mean z -0.69
  hourly swing_fib          n   114  |z|>2  13.2%  |z|>3  2.63%  mean z +0.52
  hourly swing_mom          n   114  |z|>2  19.3%  |z|>3  2.63%  mean z +0.24
  hourly swing_pullback     n   114  |z|>2  10.5%  |z|>3  1.75%  mean z -0.37

2. 13068 primary tests; 19 pass BH in the first period; 0 repeat in the second (chance alone would repeat about 1)

3. NAIVE pooling (Stouffer Z, assumes assets move independently; they do not, so this overstates):
   the valid class-wide test is class_summary.py
  daily  crypto serial_pnl_10            n 111  Z   +7.5 /   +3.6   mean effect  +106.30 /   +40.37 bps   75% of assets agree
  daily  crypto serial_pnl_20            n 111  Z   +8.7 /   +4.2   mean effect  +235.34 /   +98.47 bps   79% of assets agree
  daily  crypto serial_rho_60            n 111  Z   -5.6 /   -4.4   mean effect -1047.00 /  -806.87 bps   83% of assets agree
  daily  crypto swing1.0_cv              n 111  Z   -3.6 /   -9.9   mean effect  -224.64 /  -583.13 bps   66% of assets agree
  daily  crypto swing2.0_age             n 111  Z   -4.2 /   -3.1   mean effect   -83.38 /   -56.59 bps   65% of assets agree
  daily  crypto swing2.0_cv              n 111  Z   -5.2 /   -9.6   mean effect  -414.45 /  -736.20 bps   72% of assets agree
  daily  crypto swing4.0_mom             n 111  Z   +8.5 /   +3.8   mean effect  +142.04 /   +52.98 bps   81% of assets agree
  daily  stock  serial_pnl_2             n 286  Z   -5.9 /   -5.2   mean effect    -4.13 /    -3.89 bps   66% of assets agree
  daily  stock  serial_pnl_20            n 286  Z   -9.3 /   -3.3   mean effect   -62.43 /   -10.11 bps   78% of assets agree
  daily  stock  serial_pnl_3             n 286  Z   -7.2 /   -5.3   mean effect   -10.28 /    -6.82 bps   69% of assets agree
  daily  stock  serial_pnl_40            n 286  Z  -10.5 /   -4.0   mean effect  -135.33 /   -52.23 bps   76% of assets agree
  daily  stock  serial_pnl_5             n 286  Z   -3.7 /   -3.7   mean effect    -9.46 /    -3.61 bps   57% of assets agree
  daily  stock  serial_pnl_60            n 286  Z   -4.6 /   -4.7   mean effect   -82.09 /  -109.79 bps   65% of assets agree
  daily  stock  serial_rho_2             n 286  Z   -4.9 /   -4.9   mean effect  -147.44 /  -147.94 bps   61% of assets agree
  daily  stock  serial_rho_20            n 286  Z   -6.7 /   -3.1   mean effect  -546.33 /  -242.72 bps   74% of assets agree
  daily  stock  serial_rho_3             n 286  Z   -7.3 /   -8.2   mean effect  -264.52 /  -314.12 bps   69% of assets agree
  daily  stock  serial_rho_40            n 286  Z   -8.1 /   -4.3   mean effect  -891.48 /  -480.87 bps   70% of assets agree
  daily  stock  serial_rho_5             n 286  Z   -5.6 /   -6.2   mean effect  -250.79 /  -279.51 bps   64% of assets agree
  daily  stock  swing1.0_pullback        n 286  Z   +3.4 /   +4.9   mean effect    +4.51 /   +14.15 bps   58% of assets agree
  hourly crypto cal_hour_of_day          n  38  Z   -3.3 /   -3.6   mean effect -35902.59 / -40453.70 bps   74% of assets agree
  hourly crypto serial_pnl_12            n  38  Z   +5.5 /   +3.2   mean effect    +8.97 /    +4.20 bps   79% of assets agree
  hourly crypto swing1.0_cv              n  38  Z   -9.7 /   -6.0   mean effect -1263.06 /  -725.07 bps   97% of assets agree
  hourly crypto swing2.0_cv              n  38  Z   -3.7 /   -6.1   mean effect  -658.52 / -1054.31 bps   79% of assets agree
  hourly crypto swing2.0_pullback        n  38  Z   +3.8 /   +3.7   mean effect   +81.53 /   +45.93 bps   82% of assets agree

4. dominant cycles: same period (within 10%) in both halves, against chance
  hourly: 4 of 38 series have the same dominant period in both halves; 5 keep the first half's cycle at z > 2 (chance: ~1)
  daily: 37 of 398 series have the same dominant period in both halves; 12 keep the first half's cycle at z > 2 (chance: ~9)

5. typical swing lengths (median bars per leg, first / second period), a few assets
  hourly AAVE     0.5sd: [11.0, 11.0]  1.0sd: [32.0, 28.0]  2.0sd: [106.0, 112.0]
  hourly ADA      0.5sd: [10.0, 11.0]  1.0sd: [31.0, 29.0]  2.0sd: [84.0, 119.0]
  hourly ALGO     0.5sd: [10.0, 10.0]  1.0sd: [29.0, 29.0]  2.0sd: [83.0, 102.0]
  hourly APT      0.5sd: [11.0, 11.0]  1.0sd: [30.0, 28.0]  2.0sd: [94.0, 139.0]
  hourly ARB      0.5sd: [10.0, 10.0]  1.0sd: [31.0, 28.0]  2.0sd: [90.0, 112.0]
  hourly ATOM     0.5sd: [10.0, 11.0]  1.0sd: [33.0, 28.0]  2.0sd: [86.0, 146.0]
  daily  SPY      1.0sd: [3.0, 4.0]  2.0sd: [6.0, 7.0]  4.0sd: [20.0, 21.0]
  daily  1INCH    1.0sd: [4.0, 3.5]  2.0sd: [8.0, 8.0]  4.0sd: [25.0, 23.0]
  daily  AAVE     1.0sd: [4.0, 4.0]  2.0sd: [9.0, 9.0]  4.0sd: [20.0, 20.0]
  daily  ADA      1.0sd: [4.0, 4.0]  2.0sd: [8.0, 9.0]  4.0sd: [24.0, 15.0]
  daily  ALGO     1.0sd: [4.0, 4.0]  2.0sd: [7.0, 7.0]  4.0sd: [18.0, 19.0]
  daily  AMP      1.0sd: [4.0, 4.0]  2.0sd: [6.0, 9.0]  4.0sd: [34.0, 27.0]
